// Jest Snapshot v1, https://goo.gl/fbAQLP

exports[`should render expenseList item correctly 1`] = `
<Link
  className="list-item"
  to="/edit/2"
>
  <div>
    <h2
      className="list-item__title"
    >
      rent
    </h2>
    <span
      className="list-item__sub-title"
    >
      December 28th, 1969
    </span>
  </div>
  <h2
    className="list-item__data"
  >
    <span>
      â‚¹
    </span>
    2,124
  </h2>
</Link>
`;
