// Jest Snapshot v1, https://goo.gl/fbAQLP

exports[`should render ExpenseDashboardPage correctly 1`] = `
<div>
  This is from Dashboard Page
  <Connect(ExpenseListFilters) />
  <Connect(ExpenseList) />
</div>
`;
