// Jest Snapshot v1, https://goo.gl/fbAQLP

exports[`should render NotFoundPage correctly 1`] = `
<div>
  This path does not exist. 
  <Link
    to="/"
  >
    Go to Dashboard
  </Link>
</div>
`;
